// Jest Snapshot v1, https://goo.gl/fbAQLP

exports[`Should render a SearchBox component 1`] = `
"<div className=\\"pa2\\">
  <input aria-label=\\"Search Robos\\" type=\\"search\\" className=\\"pa3 ba b--green\\" placeholder=\\"Search robo friends\\" onChange={[Function: mockConstructor]} />
</div>"
`;
